function sumIntegers(int $a, int $b)
{
    return $a + $b;
}